venv\Scripts\python.exe : 2026-04-17 16:29:54,490 - INFO - 
At line:1 char:1
+ venv\Scripts\python.exe test_setup.py > test_output.txt 2>&1; type te ...
+ ~~~~~~~~~~~~~~~~~~~~~~~~~~~~~~~~~~~~~~~~~~~~~~~~~~~~~~~~~~~~
    + CategoryInfo          : NotSpecified: (2026-04-17 16:29:54,490 - INFO -  
   :String) [], RemoteException
    + FullyQualifiedErrorId : NativeCommandError
 

2026-04-17 16:29:54,490 - INFO - \u2554\u2550\u2550\u2550\u2550\u2550\u2550\u25
50\u2550\u2550\u2550\u2550\u2550\u2550\u2550\u2550\u2550\u2550\u2550\u2550\u255
0\u2550\u2550\u2550\u2550\u2550\u2550\u2550\u2550\u2550\u2550\u2550\u2550\u2550
\u2550\u2550\u2550\u2550\u2550\u2550\u2550\u2550\u2550\u2550\u2550\u2550\u2550\
u2550\u2550\u2550\u2550\u2550\u2550\u2550\u2550\u2550\u2550\u2550\u2550\u2550\u
2550\u2557
2026-04-17 16:29:54,490 - INFO - \u2551         ML4T SYSTEM SETUP VERIFICATION 
                    \u2551
2026-04-17 16:29:54,490 - INFO - \u255a\u2550\u2550\u2550\u2550\u2550\u2550\u25
50\u2550\u2550\u2550\u2550\u2550\u2550\u2550\u2550\u2550\u2550\u2550\u2550\u255
0\u2550\u2550\u2550\u2550\u2550\u2550\u2550\u2550\u2550\u2550\u2550\u2550\u2550
\u2550\u2550\u2550\u2550\u2550\u2550\u2550\u2550\u2550\u2550\u2550\u2550\u2550\
u2550\u2550\u2550\u2550\u2550\u2550\u2550\u2550\u2550\u2550\u2550\u2550\u2550\u
2550\u255d
2026-04-17 16:29:54,490 - INFO - 
============================================================
2026-04-17 16:29:54,491 - INFO - TEST 1: Checking Python Imports
2026-04-17 16:29:54,491 - INFO - 
============================================================
2026-04-17 16:29:55,320 - INFO - \u2713 pandas          - Data manipulation
2026-04-17 16:29:55,320 - INFO - \u2713 numpy           - Numerical computing
2026-04-17 16:29:56,319 - INFO - \u2713 ccxt            - Exchange API 
(Binance)
2026-04-17 16:29:56,335 - INFO - \u2713 psycopg2        - PostgreSQL adapter
2026-04-17 16:29:57,941 - INFO - \u2713 sklearn         - Machine learning
2026-04-17 16:29:58,353 - INFO - \u2713 fastapi         - Web framework
2026-04-17 16:29:58,353 - INFO - 
============================================================
2026-04-17 16:29:58,353 - INFO - TEST 4: Directory Structure
2026-04-17 16:29:58,353 - INFO - 
============================================================
2026-04-17 16:29:58,353 - INFO - \u2713 data
2026-04-17 16:29:58,353 - INFO - \u2713 data/collectors
2026-04-17 16:29:58,354 - INFO - \u2713 data/loaders
2026-04-17 16:29:58,354 - INFO - \u2713 features
2026-04-17 16:29:58,354 - INFO - \u2713 models
2026-04-17 16:29:58,354 - INFO - \u2713 strategies
2026-04-17 16:29:58,354 - INFO - \u2713 portfolio
2026-04-17 16:29:58,354 - INFO - \u2713 execution
2026-04-17 16:29:58,355 - INFO - \u2713 backtesting
2026-04-17 16:29:58,355 - INFO - \u2713 monitoring
2026-04-17 16:29:58,355 - INFO - \u2713 dashboard
2026-04-17 16:29:58,355 - INFO - \u2713 config
2026-04-17 16:29:58,355 - INFO - \u2713 logs
2026-04-17 16:29:58,355 - INFO - 
============================================================
2026-04-17 16:29:58,355 - INFO - TEST 5: Required Files
2026-04-17 16:29:58,355 - INFO - 
============================================================
2026-04-17 16:29:58,355 - INFO - \u2713 main.py
2026-04-17 16:29:58,356 - INFO - \u2713 requirements.txt
2026-04-17 16:29:58,356 - INFO - \u2713 config/settings.yaml
2026-04-17 16:29:58,356 - INFO - \u2713 data/schema.sql
2026-04-17 16:29:58,356 - INFO - \u2713 data/db.py
2026-04-17 16:29:58,356 - INFO - \u2713 data/collectors/binance_collector.py
2026-04-17 16:29:58,357 - INFO - \u2713 strategies/stat_arb.py
2026-04-17 16:29:58,357 - INFO - \u2713 backtesting/engine.py
2026-04-17 16:29:58,357 - INFO - 
============================================================
2026-04-17 16:29:58,357 - INFO - TEST 2: PostgreSQL Connection
2026-04-17 16:29:58,357 - INFO - 
============================================================
2026-04-17 16:29:58,367 - INFO - Connecting to PostgreSQL...
2026-04-17 16:29:58,447 - INFO - Database connection pool initialized for 
rafund
2026-04-17 16:29:58,448 - INFO - Database connection test passed
2026-04-17 16:29:58,448 - INFO - \u2713 Database connection successful
2026-04-17 16:29:58,455 - INFO - Database stats: 0 records, 0 symbols
2026-04-17 16:29:58,455 - INFO - \u2713 Database stats:
2026-04-17 16:29:58,455 - INFO -     - Total records: 0
2026-04-17 16:29:58,456 - INFO -     - Total symbols: 0
2026-04-17 16:29:58,456 - INFO - Connection pool closed
2026-04-17 16:29:58,456 - INFO - 
============================================================
2026-04-17 16:29:58,456 - INFO - TEST 3: Binance API Connectivity
2026-04-17 16:29:58,456 - INFO - 
============================================================
2026-04-17 16:29:58,527 - INFO - Initializing Binance collector...
2026-04-17 16:29:58,538 - INFO - Binance client initialized (testnet=False)
2026-04-17 16:29:58,538 - INFO - Fetching symbols from Binance...
2026-04-17 16:30:06,764 - INFO - Retrieved 4309 symbols from Binance
2026-04-17 16:30:06,765 - INFO - \u2713 Successfully fetched 4309 symbols
2026-04-17 16:30:06,765 - INFO -     Sample symbols: 0G/BNB, 0G/FDUSD, 0G/TRY, 
0G/USDC, 0G/USDT
2026-04-17 16:30:06,765 - INFO - Fetching sample OHLCV data (BTC/USDT)...
2026-04-17 16:30:06,765 - INFO - Fetching 5 1d candles for BTC/USDT
2026-04-17 16:30:07,167 - INFO - Successfully fetched 5 candles for BTC/USDT
2026-04-17 16:30:07,167 - INFO - \u2713 Successfully fetched 5 candles
2026-04-17 16:30:07,170 - INFO -     Date range: 2026-04-13 00:00:00 to 
2026-04-17 00:00:00
2026-04-17 16:30:07,315 - INFO - 
============================================================
2026-04-17 16:30:07,316 - INFO - SUMMARY
2026-04-17 16:30:07,316 - INFO - 
============================================================
2026-04-17 16:30:07,316 - INFO - Imports                   \u2713 PASS
2026-04-17 16:30:07,316 - INFO - Directory Structure       \u2713 PASS
2026-04-17 16:30:07,317 - INFO - Files                     \u2713 PASS
2026-04-17 16:30:07,317 - INFO - PostgreSQL                \u2713 PASS
2026-04-17 16:30:07,317 - INFO - Binance API               \u2713 PASS
2026-04-17 16:30:07,317 - INFO - 
============================================================
2026-04-17 16:30:07,317 - INFO - \u2713 All tests passed! System is ready.
2026-04-17 16:30:07,317 - INFO - 
Next step: Collect market data
2026-04-17 16:30:07,318 - INFO -   python main.py collect
2026-04-17 16:30:07,318 - INFO - 
============================================================

